##fileformat=VCFv4.1
##INFO=<ID=CAVA_TYPE,Number=.,Type=String,Description="Variant type: Substitution, Insertion, Deletion or Complex",Source="CAVA",Version="1.2.4">
##INFO=<ID=CAVA_GENE,Number=.,Type=String,Description="HGNC gene symbol",Source="CAVA",Version="1.2.4">
##INFO=<ID=CAVA_TRANSCRIPT,Number=.,Type=String,Description="Transcript identifier",Source="CAVA",Version="1.2.4">
##INFO=<ID=CAVA_GENEID,Number=.,Type=String,Description="Gene identifier",Source="CAVA",Version="1.2.4">
##INFO=<ID=CAVA_TRINFO,Number=.,Type=String,Description="Transcript information: Strand/Length of transcript/Number of exons/Length of coding DNA + UTR/Protein length",Source="CAVA",Version="1.2.4">
##INFO=<ID=CAVA_LOC,Number=.,Type=String,Description="Location of variant in transcript",Source="CAVA",Version="1.2.4">
##INFO=<ID=CAVA_CSN,Number=.,Type=String,Description="CSN annotation",Source="CAVA",Version="1.2.4">
##INFO=<ID=CAVA_PROTPOS,Number=.,Type=String,Description="Protein position",Source="CAVA",Version="1.2.4">
##INFO=<ID=CAVA_PROTREF,Number=.,Type=String,Description="Reference amino acids",Source="CAVA",Version="1.2.4">
##INFO=<ID=CAVA_PROTALT,Number=.,Type=String,Description="Alternate amino acids",Source="CAVA",Version="1.2.4">
##INFO=<ID=CAVA_CLASS,Number=.,Type=String,Description="5PU: Variant in 5 prime untranslated region, 3PU: Variant in 3 prime untranslated region, INT: Intronic variant that does not alter splice site bases, SS: Intronic variant that alters a splice site base but not an ESS or SS5 base, ESS: Variant that alters essential splice site base (+1,+2,-1,-2), SS5: Variant that alters the +5 splice site base, but not an ESS base, SY: Synonymous change caused by a base substitution (i.e. does not alter amino acid), NSY: Nonsynonymous change (missense) caused by a base substitution (i.e. alters amino acid), IF: Inframe insertion and/or deletion (variant alters the length of coding sequence but not the frame), IM: Variant that alters the start codon, SG: Variant resulting in stop-gain (nonsense) mutation, SL: Variant resulting in stop-loss mutation, FS: Frameshifting insertion and/or deletion (variant alters the length and frame of coding sequence), EE: Inframe deletion, insertion or base substitution which affects the first or last three bases of the exon",Source="CAVA",Version="1.2.4">
##INFO=<ID=CAVA_SO,Number=.,Type=String,Description="Sequence Ontology term",Source="CAVA",Version="1.2.4">
##INFO=<ID=CAVA_ALTFLAG,Number=.,Type=String,Description="None: variant has the same CSN annotation regardless of its left or right-alignment, AnnNotClass/AnnNotSO/AnnNotClassNotSO: indel has an alternative CSN but the same CLASS and/or SO, AnnAndClass/AnnAndSO/AnnAndClassNotSO/AnnAndSONotClass/AnnAndClassAndSO: Multiple CSN with different CLASS and/or SO annotations",Source="CAVA",Version="1.2.4">
##INFO=<ID=CAVA_ALTANN,Number=.,Type=String,Description="Alternate CSN annotation",Source="CAVA",Version="1.2.4">
##INFO=<ID=CAVA_ALTCLASS,Number=.,Type=String,Description="Alternate CLASS annotation",Source="CAVA",Version="1.2.4">
##INFO=<ID=CAVA_ALTSO,Number=.,Type=String,Description="Alternate SO annotation",Source="CAVA",Version="1.2.4">
##INFO=<ID=CAVA_IMPACT,Number=.,Type=String,Description="Impact group the variant is stratified into",Source="CAVA",Version="1.2.4">
##INFO=<ID=CAVA_DBSNP,Number=.,Type=String,Description="rsID from dbSNP",Source="CAVA",Version="1.2.4">
##INFO=<ID=CAVA_HGVSc,Number=.,Type=String,Description="Nomenclature for cDNA changes",Source="CAVA",Version="1.2.4">
##source=bior_tjson_to_vcf
##BIOR=<ID="bior.dbSNP142",Operation="bior_lookup",DataType="JSON",ShortUniqueName="dbSNP142",Source="dbSNP",Description="NCBI's	dbSNP	Variant	Database",Version="142",Build="GRCh37.p5",Path="/research/bsi/data/refdata/catalogs/bior/v1/dbSNP/142/00-All_GRCh37.tsv.bgz">
##INFO=<ID=ASP,Number=0,Type=Flag,Description="">
##INFO=<ID=dbSNPBuildID,Number=1,Type=Integer,Description="">
##INFO=<ID=GENEINFO,Number=1,Type=String,Description="">
##INFO=<ID=LSD,Number=0,Type=Flag,Description="">
##INFO=<ID=NSN,Number=0,Type=Flag,Description="">
##INFO=<ID=PM,Number=0,Type=Flag,Description="">
##INFO=<ID=REF,Number=0,Type=Flag,Description="">
##INFO=<ID=RS,Number=1,Type=Integer,Description="">
##INFO=<ID=RSPOS,Number=1,Type=Integer,Description="">
##INFO=<ID=SAO,Number=1,Type=Integer,Description="">
##INFO=<ID=SLO,Number=0,Type=Flag,Description="">
##INFO=<ID=SSR,Number=1,Type=Integer,Description="">
##INFO=<ID=VC,Number=1,Type=String,Description="">
##INFO=<ID=VP,Number=1,Type=String,Description="">
##INFO=<ID=WGT,Number=1,Type=Integer,Description="">
#CHROM	POS	ID	REF	ALT	QUAL	FILTER	INFO	FORMAT	SAMPLE
1	45797228	rs36053993	C	T	.	.	CAVA_TYPE=Substitution;CAVA_TRANSCRIPT=ENST00000354383:ENST00000355498:ENST00000372098:ENST00000372100:ENST00000372104:ENST00000372110:ENST00000372115:ENST00000448481:ENST00000450313:ENST00000456914:ENST00000488731:ENST00000528013:ENST00000528332:ENST00000529984:ENST00000531105;CAVA_GENE=MUTYH:MUTYH:MUTYH:MUTYH:MUTYH:MUTYH:MUTYH:MUTYH:MUTYH:MUTYH:MUTYH:MUTYH:MUTYH:MUTYH:MUTYH;CAVA_GENEID=ENSG00000132781:ENSG00000132781:ENSG00000132781:ENSG00000132781:ENSG00000132781:ENSG00000132781:ENSG00000132781:ENSG00000132781:ENSG00000132781:ENSG00000132781:ENSG00000132781:ENSG00000132781:ENSG00000132781:ENSG00000132781:ENSG00000132781;CAVA_TRINFO=-/10840bp/16/1744bp/522:-/10875bp/16/1776bp/521:-/11148bp/16/1839bp/546:-/10874bp/16/1808bp/532:-/10695bp/17/1823bp/521:-/11148bp/16/1809bp/536:-/11230bp/16/1888bp/535:-/10695bp/16/1706bp/532:-/11229bp/16/1929bp/549:-/10714bp/16/1692bp/521:-/10754bp/7/740bp/216:-/10642bp/16/1662bp/535:-/11286bp/7/1029bp/230:-/11286bp/7/1029bp/216:-/10919bp/3/501bp/62;CAVA_LOC=Ex13:Ex13:Ex13:Ex13:Ex14:Ex13:Ex13:Ex13:Ex13:Ex13:Ex4:Ex13:Ex4:Ex4:In2/3;CAVA_CSN=c.1106G>A_p.Gly369Asp:c.1103G>A_p.Gly368Asp:c.1178G>A_p.Gly393Asp:c.1136G>A_p.Gly379Asp:c.1103G>A_p.Gly368Asp:c.1148G>A_p.Gly383Asp:c.1145G>A_p.Gly382Asp:c.1136G>A_p.Gly379Asp:c.1187G>A_p.Gly396Asp:c.1103G>A_p.Gly368Asp:c.188G>A_p.Gly63Asp:c.1145G>A_p.Gly382Asp:c.230G>A_p.Gly77Asp:c.188G>A_p.Gly63Asp:c.116-2119G>A;CAVA_PROTPOS=369:368:393:379:368:383:382:379:396:368:63:382:77:63:.;CAVA_PROTREF=G:G:G:G:G:G:G:G:G:G:G:G:G:G:.;CAVA_PROTALT=D:D:D:D:D:D:D:D:D:D:D:D:D:D:.;CAVA_CLASS=EE:EE:EE:EE:EE:EE:EE:EE:EE:EE:EE:EE:EE:EE:INT;CAVA_SO=splice_region_variant|missense_variant:splice_region_variant|missense_variant:splice_region_variant|missense_variant:splice_region_variant|missense_variant:splice_region_variant|missense_variant:splice_region_variant|missense_variant:splice_region_variant|missense_variant:splice_region_variant|missense_variant:splice_region_variant|missense_variant:splice_region_variant|missense_variant:splice_region_variant|missense_variant:splice_region_variant|missense_variant:splice_region_variant|missense_variant:splice_region_variant|missense_variant:intron_variant;CAVA_IMPACT=2:2:2:2:2:2:2:2:2:2:2:2:2:2:3;CAVA_ALTANN=.:.:.:.:.:.:.:.:.:.:.:.:.:.:.;CAVA_ALTCLASS=.:.:.:.:.:.:.:.:.:.:.:.:.:.:.;CAVA_ALTSO=.:.:.:.:.:.:.:.:.:.:.:.:.:.:.;CAVA_HGVSc=ENST00000354383:ENST00000355498:ENST00000372098:ENST00000372100:ENST00000372104:ENST00000372110:ENST00000372115:ENST00000448481:ENST00000450313:ENST00000456914:ENST00000488731:ENST00000528013:ENST00000528332:ENST00000529984:ENST00000531105(MUTYH:MUTYH:MUTYH:MUTYH:MUTYH:MUTYH:MUTYH:MUTYH:MUTYH:MUTYH:MUTYH:MUTYH:MUTYH:MUTYH:MUTYH):c.1106G>A_p.Gly369Asp:c.1103G>A_p.Gly368Asp:c.1178G>A_p.Gly393Asp:c.1136G>A_p.Gly379Asp:c.1103G>A_p.Gly368Asp:c.1148G>A_p.Gly383Asp:c.1145G>A_p.Gly382Asp:c.1136G>A_p.Gly379Asp:c.1187G>A_p.Gly396Asp:c.1103G>A_p.Gly368Asp:c.188G>A_p.Gly63Asp:c.1145G>A_p.Gly382Asp:c.230G>A_p.Gly77Asp:c.188G>A_p.Gly63Asp:c.116-2119G>A	GT	0/1
13	32893291	rs80358435	G	T	.	.	RS=80358435;RSPOS=32893291;dbSNPBuildID=132;SSR=0;SAO=0;VP=0x050160000605000002100100;GENEINFO=BRCA2:675;WGT=1;VC=SNV;PM;SLO;NSN;REF;ASP;LSD;CAVA_TYPE=Substitution;CAVA_TRANSCRIPT=ENST00000380152:ENST00000544455;CAVA_GENE=BRCA2:BRCA2;CAVA_GENEID=ENSG00000139618:ENSG00000139618;CAVA_TRINFO=+/83738bp/27/10930bp/3418:+/84190bp/28/10984bp/3418;CAVA_LOC=Ex3:Ex3;CAVA_CSN=c.145G>T_p.Glu49X:c.145G>T_p.Glu49X;CAVA_PROTPOS=49:49;CAVA_PROTREF=E:E;CAVA_PROTALT=X:X;CAVA_CLASS=SG:SG;CAVA_SO=stop_gained:stop_gained;CAVA_IMPACT=1:1;CAVA_ALTANN=.:.;CAVA_ALTCLASS=.:.;CAVA_ALTSO=.:.;CAVA_HGVSc=ENST00000380152:ENST00000544455(BRCA2:BRCA2):c.145G>T_p.Glu49X:c.145G>T_p.Glu49X	GT	0/1
17	41197729	rs80357258	T	C	.	.	RS=80357258;RSPOS=41197729;RV;dbSNPBuildID=132;SSR=0;SAO=0;VP=0x050360800a05000002100100;GENEINFO=BRCA1:672;WGT=1;VC=SNV;PM;S3D;SLO;NSM;REF;U3;ASP;LSD;CAVA_TYPE=Substitution;CAVA_TRANSCRIPT=ENST00000309486:ENST00000346315:ENST00000351666:ENST00000352993:ENST00000354071:ENST00000357654:ENST00000468300:ENST00000471181:ENST00000491747:ENST00000493795:ENST00000586385:ENST00000591534:ENST00000591849;CAVA_GENE=BRCA1:BRCA1:BRCA1:BRCA1:BRCA1:BRCA1:BRCA1:BRCA1:BRCA1:BRCA1:BRCA1:BRCA1:BRCA1;CAVA_GENEID=ENSG00000012048:ENSG00000012048:ENSG00000012048:ENSG00000012048:ENSG00000012048:ENSG00000012048:ENSG00000012048:ENSG00000012048:ENSG00000012048:ENSG00000012048:ENSG00000012048:ENSG00000012048:ENSG00000012048;CAVA_TRINFO=-/81157bp/22/7114bp/1567:-/81157bp/19/6451bp/1624:-/79821bp/19/3444bp/680:-/81189bp/22/3780bp/721:-/81189bp/18/6411bp/1598:-/81077bp/23/7094bp/1863:-/80648bp/22/3273bp/699:-/79856bp/24/5936bp/1884:-/79680bp/23/2379bp/759:-/79775bp/22/5732bp/1816:-/79768bp/8/781bp/173:-/79768bp/11/1282bp/354:-/79768bp/5/563bp/96;CAVA_LOC=Ex22:Ex19:Ex19:Ex22:Ex18:Ex23:3UTR:Ex24:Ex23:Ex22:Ex8:Ex11:Ex5;CAVA_CSN=c.4670A>G_p.Tyr1557Cys:c.4841A>G_p.Tyr1614Cys:c.2009A>G_p.Tyr670Cys:c.2132A>G_p.Tyr711Cys:c.4763A>G_p.Tyr1588Cys:c.5558A>G_p.Tyr1853Cys:c.+72A>G:c.5621A>G_p.Tyr1874Cys:c.2246A>G_p.Tyr749Cys:c.5417A>G_p.Tyr1806Cys:c.488A>G_p.Tyr163Cys:c.1031A>G_p.Tyr344Cys:c.257A>G_p.Tyr86Cys;CAVA_PROTPOS=1557:1614:670:711:1588:1853:.:1874:749:1806:163:344:86;CAVA_PROTREF=Y:Y:Y:Y:Y:Y:.:Y:Y:Y:Y:Y:Y;CAVA_PROTALT=C:C:C:C:C:C:.:C:C:C:C:C:C;CAVA_CLASS=NSY:NSY:NSY:NSY:NSY:NSY:3PU:NSY:NSY:NSY:NSY:NSY:NSY;CAVA_SO=missense_variant:missense_variant:missense_variant:missense_variant:missense_variant:missense_variant:3_prime_UTR_variant:missense_variant:missense_variant:missense_variant:missense_variant:missense_variant:missense_variant;CAVA_IMPACT=2:2:2:2:2:2:3:2:2:2:2:2:2;CAVA_ALTANN=.:.:.:.:.:.:.:.:.:.:.:.:.;CAVA_ALTCLASS=.:.:.:.:.:.:.:.:.:.:.:.:.;CAVA_ALTSO=.:.:.:.:.:.:.:.:.:.:.:.:.;CAVA_HGVSc=ENST00000309486:ENST00000346315:ENST00000351666:ENST00000352993:ENST00000354071:ENST00000357654:ENST00000468300:ENST00000471181:ENST00000491747:ENST00000493795:ENST00000586385:ENST00000591534:ENST00000591849(BRCA1:BRCA1:BRCA1:BRCA1:BRCA1:BRCA1:BRCA1:BRCA1:BRCA1:BRCA1:BRCA1:BRCA1:BRCA1):c.4670A>G_p.Tyr1557Cys:c.4841A>G_p.Tyr1614Cys:c.2009A>G_p.Tyr670Cys:c.2132A>G_p.Tyr711Cys:c.4763A>G_p.Tyr1588Cys:c.5558A>G_p.Tyr1853Cys:c.+72A>G:c.5621A>G_p.Tyr1874Cys:c.2246A>G_p.Tyr749Cys:c.5417A>G_p.Tyr1806Cys:c.488A>G_p.Tyr163Cys:c.1031A>G_p.Tyr344Cys:c.257A>G_p.Tyr86Cys	GT	0/1
