1	45331556	rs36053993	C	T	.	.	CAVA_TYPE=Substitution;CAVA_TRANSCRIPT=ENST00000354383:ENST00000355498:ENST00000372098:ENST00000372104:ENST00000372110:ENST00000372115:ENST00000448481:ENST00000456914:ENST00000488731:ENST00000528013:ENST00000529984:ENST00000531105:ENST00000672818;CAVA_GENE=MUTYH:MUTYH:MUTYH:MUTYH:MUTYH:MUTYH:MUTYH:MUTYH:MUTYH:MUTYH:MUTYH:MUTYH:MUTYH;CAVA_GENEID=ENSG00000132781:ENSG00000132781:ENSG00000132781:ENSG00000132781:ENSG00000132781:ENSG00000132781:ENSG00000132781:ENSG00000132781:ENSG00000132781:ENSG00000132781:ENSG00000132781:ENSG00000132781:ENSG00000132781;CAVA_TRINFO=-/10840bp/16/1744bp/522:-/10875bp/16/1776bp/521:-/11148bp/16/1839bp/546:-/10695bp/17/1823bp/521:-/11148bp/16/1809bp/536:-/11230bp/16/1888bp/535:-/10695bp/16/1706bp/532:-/10730bp/16/1708bp/521:-/10754bp/7/740bp/216:-/10642bp/16/1662bp/535:-/11286bp/7/1029bp/216:-/10919bp/3/501bp/62:-/11148bp/16/1839bp/546;CAVA_LOC=Ex13:Ex13:Ex13:Ex14:Ex13:Ex13:Ex13:Ex13:Ex4:Ex13:Ex4:In2/3:Ex13;CAVA_CSN=c.1106G>A_p.Gly369Asp:c.1103G>A_p.Gly368Asp:c.1178G>A_p.Gly393Asp:c.1103G>A_p.Gly368Asp:c.1148G>A_p.Gly383Asp:c.1145G>A_p.Gly382Asp:c.1136G>A_p.Gly379Asp:c.1103G>A_p.Gly368Asp:c.188G>A_p.Gly63Asp:c.1145G>A_p.Gly382Asp:c.188G>A_p.Gly63Asp:c.116-2119G>A:c.1178G>A_p.Gly393Asp;CAVA_PROTPOS=369:368:393:368:383:382:379:368:63:382:63:.:393;CAVA_PROTREF=G:G:G:G:G:G:G:G:G:G:G:.:G;CAVA_PROTALT=D:D:D:D:D:D:D:D:D:D:D:.:D;CAVA_CLASS=EE:EE:EE:EE:EE:EE:EE:EE:EE:EE:EE:INT:EE;CAVA_SO=splice_region_variant|missense_variant:splice_region_variant|missense_variant:splice_region_variant|missense_variant:splice_region_variant|missense_variant:splice_region_variant|missense_variant:splice_region_variant|missense_variant:splice_region_variant|missense_variant:splice_region_variant|missense_variant:splice_region_variant|missense_variant:splice_region_variant|missense_variant:splice_region_variant|missense_variant:intron_variant:splice_region_variant|missense_variant;CAVA_IMPACT=2:2:2:2:2:2:2:2:2:2:2:3:2;CAVA_ALTANN=.:.:.:.:.:.:.:.:.:.:.:.:.;CAVA_ALTCLASS=.:.:.:.:.:.:.:.:.:.:.:.:.;CAVA_ALTSO=.:.:.:.:.:.:.:.:.:.:.:.:.;CAVA_HGVSc=ENST00000354383(MUTYH):c.1106G>A:ENST00000355498(MUTYH):c.1103G>A:ENST00000372098(MUTYH):c.1178G>A:ENST00000372104(MUTYH):c.1103G>A:ENST00000372110(MUTYH):c.1148G>A:ENST00000372115(MUTYH):c.1145G>A:ENST00000448481(MUTYH):c.1136G>A:ENST00000456914(MUTYH):c.1103G>A:ENST00000488731(MUTYH):c.188G>A:ENST00000528013(MUTYH):c.1145G>A:ENST00000529984(MUTYH):c.188G>A:ENST00000531105(MUTYH):c.116-2119G>A:ENST00000672818(MUTYH):c.1178G>A;CAVA_HGVSp=ENSP00000346354:p.(Gly369Asp):ENSP00000347685:p.(Gly368Asp):ENSP00000361170:p.(Gly393Asp):ENSP00000361176:p.(Gly368Asp):ENSP00000361182:p.(Gly383Asp):ENSP00000361187:p.(Gly382Asp):ENSP00000409718:p.(Gly379Asp):ENSP00000407590:p.(Gly368Asp):ENSP00000432330:p.(Gly63Asp):ENSP00000433130:p.(Gly382Asp):ENSP00000437093:p.(Gly63Asp):.:ENSP00000500891:p.(Gly393Asp)	GT	0/1
13	32319154	rs80358435	G	T	.	.	RS=80358435;RSPOS=32319154;dbSNPBuildID=132;SSR=0;SAO=0;VP=0x050160000605000002100100;GENEINFO=BRCA2:675;WGT=1;VC=SNV;PM;SLO;NSN;REF;ASP;LSD;CAVA_TYPE=Substitution;CAVA_TRANSCRIPT=ENST00000380152:ENST00000544455;CAVA_GENE=BRCA2:BRCA2;CAVA_GENEID=ENSG00000139618:ENSG00000139618;CAVA_TRINFO=+/84762bp/27/11954bp/3418:+/84190bp/28/10984bp/3418;CAVA_LOC=Ex3:Ex3;CAVA_CSN=c.145G>T_p.Glu49Ter:c.145G>T_p.Glu49Ter;CAVA_PROTPOS=49:49;CAVA_PROTREF=E:E;CAVA_PROTALT=X:X;CAVA_CLASS=SG:SG;CAVA_SO=stop_gained:stop_gained;CAVA_IMPACT=1:1;CAVA_ALTANN=.:.;CAVA_ALTCLASS=.:.;CAVA_ALTSO=.:.;CAVA_HGVSc=ENST00000380152(BRCA2):c.145G>T:ENST00000544455(BRCA2):c.145G>T;CAVA_HGVSp=ENSP00000369497:p.(Glu49Ter):ENSP00000439902:p.(Glu49Ter)	GT	0/1
17	43045712	rs80357258	T	C	.	.	RS=80357258;RSPOS=43045712;RV;dbSNPBuildID=132;SSR=0;SAO=0;VP=0x050360800a05000002100100;GENEINFO=BRCA1:672;WGT=1;VC=SNV;PM;S3D;SLO;NSM;REF;U3;ASP;LSD;CAVA_TYPE=Substitution;CAVA_TRANSCRIPT=ENST00000352993:ENST00000357654:ENST00000468300:ENST00000471181:ENST00000491747:ENST00000493795:ENST00000586385:ENST00000591534:ENST00000591849;CAVA_GENE=BRCA1:BRCA1:BRCA1:BRCA1:BRCA1:BRCA1:BRCA1:BRCA1:BRCA1;CAVA_GENEID=ENSG00000012048:ENSG00000012048:ENSG00000012048:ENSG00000012048:ENSG00000012048:ENSG00000012048:ENSG00000012048:ENSG00000012048:ENSG00000012048;CAVA_TRINFO=-/81077bp/22/3668bp/721:-/81071bp/23/7088bp/1863:-/80648bp/22/3273bp/699:-/81190bp/24/7270bp/1884:-/79680bp/23/2379bp/759:-/79775bp/22/5732bp/1816:-/79768bp/8/781bp/173:-/79768bp/11/1282bp/354:-/79768bp/5/563bp/96;CAVA_LOC=Ex22:Ex23:3UTR:Ex24:Ex23:Ex22:Ex8:Ex11:Ex5;CAVA_CSN=c.2132A>G_p.Tyr711Cys:c.5558A>G_p.Tyr1853Cys:c.+72A>G:c.5621A>G_p.Tyr1874Cys:c.2246A>G_p.Tyr749Cys:c.5417A>G_p.Tyr1806Cys:c.488A>G_p.Tyr163Cys:c.1031A>G_p.Tyr344Cys:c.257A>G_p.Tyr86Cys;CAVA_PROTPOS=711:1853:.:1874:749:1806:163:344:86;CAVA_PROTREF=Y:Y:.:Y:Y:Y:Y:Y:Y;CAVA_PROTALT=C:C:.:C:C:C:C:C:C;CAVA_CLASS=NSY:NSY:3PU:NSY:NSY:NSY:NSY:NSY:NSY;CAVA_SO=missense_variant:missense_variant:3_prime_UTR_variant:missense_variant:missense_variant:missense_variant:missense_variant:missense_variant:missense_variant;CAVA_IMPACT=2:2:3:2:2:2:2:2:2;CAVA_ALTANN=.:.:.:.:.:.:.:.:.;CAVA_ALTCLASS=.:.:.:.:.:.:.:.:.;CAVA_ALTSO=.:.:.:.:.:.:.:.:.;CAVA_HGVSc=ENST00000352993(BRCA1):c.2132A>G:ENST00000357654(BRCA1):c.5558A>G:ENST00000468300(BRCA1):c.+72A>G:ENST00000471181(BRCA1):c.5621A>G:ENST00000491747(BRCA1):c.2246A>G:ENST00000493795(BRCA1):c.5417A>G:ENST00000586385(BRCA1):c.488A>G:ENST00000591534(BRCA1):c.1031A>G:ENST00000591849(BRCA1):c.257A>G;CAVA_HGVSp=ENSP00000312236:p.(Tyr711Cys):ENSP00000350283:p.(Tyr1853Cys):.:ENSP00000418960:p.(Tyr1874Cys):ENSP00000420705:p.(Tyr749Cys):ENSP00000418775:p.(Tyr1806Cys):ENSP00000465818:p.(Tyr163Cys):ENSP00000467329:p.(Tyr344Cys):ENSP00000465347:p.(Tyr86Cys)	GT	0/1
