1	45331556	rs36053993	C	T	.	.	CAVA_TYPE=Substitution;CAVA_TRANSCRIPT=NM_001048174.2;CAVA_GENE=MUTYH;CAVA_GENEID=MUTYH;CAVA_TRINFO=-/10730bp/16/1708bp/521;CAVA_LOC=Ex13;CAVA_CSN=c.1103G>A_p.Gly368Asp;CAVA_PROTPOS=368;CAVA_PROTREF=G;CAVA_PROTALT=D;CAVA_CLASS=EE;CAVA_SO=splice_region_variant|missense_variant;CAVA_IMPACT=2;CAVA_ALTANN=.;CAVA_ALTCLASS=.;CAVA_ALTSO=.;CAVA_HGVSc=NM_001048174.2(MUTYH):c.1103G>A;CAVA_HGVSp=NP_001041639.1:p.(Gly368Asp)	GT	0/1
13	32319154	rs80358435	G	T	.	.	RS=80358435;RSPOS=32319154;dbSNPBuildID=132;SSR=0;SAO=0;VP=0x050160000605000002100100;GENEINFO=BRCA2:675;WGT=1;VC=SNV;PM;SLO;NSN;REF;ASP;LSD;CAVA_TYPE=Substitution;CAVA_TRANSCRIPT=NM_000059.4;CAVA_GENE=BRCA2;CAVA_GENEID=BRCA2;CAVA_TRINFO=+/84762bp/27/11954bp/3418;CAVA_LOC=Ex3;CAVA_CSN=c.145G>T_p.Glu49Ter;CAVA_PROTPOS=49;CAVA_PROTREF=E;CAVA_PROTALT=X;CAVA_CLASS=SG;CAVA_SO=stop_gained;CAVA_IMPACT=1;CAVA_ALTANN=.;CAVA_ALTCLASS=.;CAVA_ALTSO=.;CAVA_HGVSc=NM_000059.4(BRCA2):c.145G>T;CAVA_HGVSp=NP_000050.3:p.(Glu49Ter)	GT	0/1
17	43045712	rs80357258	T	C	.	.	RS=80357258;RSPOS=43045712;RV;dbSNPBuildID=132;SSR=0;SAO=0;VP=0x050360800a05000002100100;GENEINFO=BRCA1:672;WGT=1;VC=SNV;PM;S3D;SLO;NSM;REF;U3;ASP;LSD;CAVA_TYPE=Substitution;CAVA_TRANSCRIPT=NM_007294.4;CAVA_GENE=BRCA1;CAVA_GENEID=BRCA1;CAVA_TRINFO=-/81071bp/23/7088bp/1863;CAVA_LOC=Ex23;CAVA_CSN=c.5558A>G_p.Tyr1853Cys;CAVA_PROTPOS=1853;CAVA_PROTREF=Y;CAVA_PROTALT=C;CAVA_CLASS=NSY;CAVA_SO=missense_variant;CAVA_IMPACT=2;CAVA_ALTANN=.;CAVA_ALTCLASS=.;CAVA_ALTSO=.;CAVA_HGVSc=NM_007294.4(BRCA1):c.5558A>G;CAVA_HGVSp=NP_009225.1:p.(Tyr1853Cys)	GT	0/1
